
[1m[46m RUN [49m[22m [36mv4.0.18 [39m[90mC:/Users/Usuario/Desktop/AgilityAsturiass/frontend[39m

 [31mÔØ»[39m src/app/components/perfil/perfil.spec.ts [2m([22m[2m0 test[22m[2m)[22m
cmd.exe : 
En línea: 1 Carácter: 1
+ cmd.exe /c npx vitest run src/app/components/perfil/perfil.spec.ts >  ...
+ ~~~~~~~~~~~~~~~~~~~~~~~~~~~~~~~~~~~~~~~~~~~~~~~~~~~~~~~~~~~~~~~~~~~~~
    + CategoryInfo          : NotSpecified: (:String) [], RemoteException
    + FullyQualifiedErrorId : NativeCommandError
 
[31mÔÄ»ÔÄ»ÔÄ»ÔÄ»ÔÄ»ÔÄ»[39m[1m[41m Failed Suites 1 [49m[22m[31mÔÄ»ÔÄ»ÔÄ»ÔÄ»ÔÄ»ÔÄ»ÔÄ»[39m

[41m[1m FAIL [22m[49m src/app/components/perfil/perfil.spec.ts[2m [ src/app/components/perfil/perfil.spec.ts 
][22m
[31m[1mReferenceError[22m: describe is not defined[39m
[36m [2mÔØ»[22m src/app/components/perfil/perfil.spec.ts:[2m10:1[22m[39m
    [90m  8| [39m[35mimport[39m { provideRouter } [35mfrom[39m [32m'@angular/router'[39m[33m;[39m
    [90m  9| [39m
    [90m 10| [39m[34mdescribe[39m([32m'Perfil Component'[39m[33m,[39m () [33m=>[39m {
    [90m   | [39m[31m^[39m
    [90m 11| [39m    [35mlet[39m component[33m:[39m [33mPerfil[39m[33m;[39m
    [90m 12| [39m    [35mlet[39m fixture[33m:[39m 
[33mComponentFixture[39m[33m<[39m[33mPerfil[39m[33m>[39m[33m;[39m

[31m[2mÔÄ»ÔÄ»ÔÄ»ÔÄ»ÔÄ»ÔÄ»ÔÄ»ÔÄ»ÔÄ»ÔÄ»ÔÄ»ÔÄ»ÔÄ»ÔÄ»ÔÄ»ÔÄ»ÔÄ»ÔÄ»ÔÄ»ÔÄ»ÔÄ»ÔÄ»ÔÄ»ÔÄ»[1/1]ÔÄ»[22m[39m


[2m Test Files [22m [1m[31m1 failed[39m[22m[90m (1)[39m
[2m      Tests [22m [2mno tests[22m
[2m   Start at [22m 00:24:44
[2m   Duration [22m 685ms[2m (transform 125ms, setup 0ms, import 0ms, tests 0ms, environment 0ms)[22m

